I'm sorry, but errors were detected in your script. Please correct the
errors listed below, and try again.


File "game/interactions/locations/house/interaction_bedroom.rpy", line 20: screen expects a non-empty block.
    else:
         ^

Ren'Py Version: Ren'Py 8.5.2.26010301
Sun Feb  8 22:22:11 2026
